[
parking id: 26
spots count: 1

{ lat: 54.853716; lon: 83.039427; complexity: NEWBIE }
]

