[
parking id: 26
spots count: 3

{ lat: 54.85369; lon: 83.039321; complexity: NEWBIE }
{ lat: 54.853704; lon: 83.03938; complexity: NEWBIE }
{ lat: 54.853719; lon: 83.03944; complexity: NEWBIE }
]

