[
parking id: 24
spots count: 0
]

[
parking id: 25
spots count: 2

{ lat: 54.853677; lon: 83.040167; complexity: NEWBIE }
{ lat: 54.853658; lon: 83.040179; complexity: NEWBIE }
]

[
parking id: 26
spots count: 3

{ lat: 54.853801; lon: 83.039991; complexity: NEWBIE }
{ lat: 54.853758; lon: 83.04003; complexity: NEWBIE }
{ lat: 54.853661; lon: 83.040119; complexity: NEWBIE }
]

