[
parking id: 26
spots count: 2

{ lat: 54.85371; lon: 83.039401; complexity: NEWBIE }
{ lat: 54.853724; lon: 83.03946; complexity: NEWBIE }
]

